WARNING: A restricted method in java.lang.System has been called
WARNING: java.lang.System::load has been called by net.rubygrapefruit.platform.internal.NativeLibraryLoader in an unnamed module (file:/home/aleemkanyu/.gradle/wrapper/dists/gradle-9.1.0-bin/9agqghryom9wkf8r80qlhnts3/gradle-9.1.0/lib/native-platform-0.22-milestone-28.jar)
WARNING: Use --enable-native-access=ALL-UNNAMED to avoid a warning for callers in this module
WARNING: Restricted methods will be blocked in a future release unless native access is enabled

> Task :app:checkKotlinGradlePluginConfigurationErrors SKIPPED
> Task :app:preBuild UP-TO-DATE
> Task :app:preDebugBuild UP-TO-DATE
> Task :app:checkDebugAarMetadata UP-TO-DATE
> Task :app:generateDebugResValues UP-TO-DATE
> Task :app:processDebugGoogleServices UP-TO-DATE
> Task :app:mapDebugSourceSetPaths UP-TO-DATE
> Task :app:generateDebugResources UP-TO-DATE
> Task :app:mergeDebugResources UP-TO-DATE
> Task :app:packageDebugResources UP-TO-DATE
> Task :app:parseDebugLocalResources UP-TO-DATE
> Task :app:createDebugCompatibleScreenManifests UP-TO-DATE
> Task :app:extractDeepLinksDebug UP-TO-DATE
> Task :app:processDebugMainManifest UP-TO-DATE
> Task :app:processDebugManifest UP-TO-DATE
> Task :app:processDebugManifestForPackage UP-TO-DATE
> Task :app:processDebugResources UP-TO-DATE
> Task :app:kaptGenerateStubsDebugKotlin UP-TO-DATE
> Task :app:kaptDebugKotlin UP-TO-DATE

> Task :app:compileDebugKotlin FAILED
e: file:///home/aleemkanyu/Documents/Android/AquaLevel/app/src/main/java/com/example/aqualevel/AuthActivity.kt:12:37 Unresolved reference 'compose'.
e: file:///home/aleemkanyu/Documents/Android/AquaLevel/app/src/main/java/com/example/aqualevel/AuthActivity.kt:24:56 Unresolved reference 'viewModel'.
e: file:///home/aleemkanyu/Documents/Android/AquaLevel/app/src/main/java/com/example/aqualevel/LoginScreen.kt:67:44 Unresolved reference 'outlinedTextFieldColors'.
e: file:///home/aleemkanyu/Documents/Android/AquaLevel/app/src/main/java/com/example/aqualevel/LoginScreen.kt:81:44 Unresolved reference 'outlinedTextFieldColors'.
e: file:///home/aleemkanyu/Documents/Android/AquaLevel/app/src/main/java/com/example/aqualevel/PairDeviceActivity.kt:11:37 Unresolved reference 'compose'.
e: file:///home/aleemkanyu/Documents/Android/AquaLevel/app/src/main/java/com/example/aqualevel/PairDeviceActivity.kt:22:68 Unresolved reference 'viewModel'.
e: file:///home/aleemkanyu/Documents/Android/AquaLevel/app/src/main/java/com/example/aqualevel/PairDeviceScreen.kt:132:52 Unresolved reference 'outlinedTextFieldColors'.
e: file:///home/aleemkanyu/Documents/Android/AquaLevel/app/src/main/java/com/example/aqualevel/QrScannerView.kt:30:65 Cannot access class 'com.google.common.util.concurrent.ListenableFuture'. Check your module classpath for missing or conflicting dependencies.
e: file:///home/aleemkanyu/Documents/Android/AquaLevel/app/src/main/java/com/example/aqualevel/QrScannerView.kt:39:13 Cannot access class 'com.google.common.util.concurrent.ListenableFuture'. Check your module classpath for missing or conflicting dependencies.
e: file:///home/aleemkanyu/Documents/Android/AquaLevel/app/src/main/java/com/example/aqualevel/QrScannerView.kt:39:34 Unresolved reference 'addListener'.
e: file:///home/aleemkanyu/Documents/Android/AquaLevel/app/src/main/java/com/example/aqualevel/QrScannerView.kt:40:38 Cannot access class 'com.google.common.util.concurrent.ListenableFuture'. Check your module classpath for missing or conflicting dependencies.
e: file:///home/aleemkanyu/Documents/Android/AquaLevel/app/src/main/java/com/example/aqualevel/QrScannerView.kt:40:59 Unresolved reference 'get'.
e: file:///home/aleemkanyu/Documents/Android/AquaLevel/app/src/main/java/com/example/aqualevel/RegisterScreen.kt:66:44 Unresolved reference 'outlinedTextFieldColors'.
e: file:///home/aleemkanyu/Documents/Android/AquaLevel/app/src/main/java/com/example/aqualevel/RegisterScreen.kt:80:44 Unresolved reference 'outlinedTextFieldColors'.
e: file:///home/aleemkanyu/Documents/Android/AquaLevel/app/src/main/java/com/example/aqualevel/RegisterScreen.kt:94:44 Unresolved reference 'outlinedTextFieldColors'.

[Incubating] Problems report is available at: file:///home/aleemkanyu/Documents/Android/AquaLevel/build/reports/problems/problems-report.html

FAILURE: Build failed with an exception.

* What went wrong:
Execution failed for task ':app:compileDebugKotlin'.
> A failure occurred while executing org.jetbrains.kotlin.compilerRunner.GradleCompilerRunnerWithWorkers$GradleKotlinCompilerWorkAction
   > Compilation error. See log for more details

* Try:
> Run with --stacktrace option to get the stack trace.
> Run with --info or --debug option to get more log output.
> Run with --scan to generate a Build Scan (Powered by Develocity).
> Get more help at https://help.gradle.org.

Deprecated Gradle features were used in this build, making it incompatible with Gradle 10.

You can use '--warning-mode all' to show the individual deprecation warnings and determine if they come from your own scripts or plugins.

For more on this, please refer to https://docs.gradle.org/9.1.0/userguide/command_line_interface.html#sec:command_line_warnings in the Gradle documentation.

BUILD FAILED in 7s
17 actionable tasks: 1 executed, 16 up-to-date
